<html>
<body>
<pre>
<h1>µVision Build Log</h1>
<h2>Tool Versions:</h2>
IDE-Version: µVision V5.36.0.0
Copyright (C) 2021 ARM Ltd and ARM Germany GmbH. All rights reserved.
License Information: Hana Hana Ashraf, College, LIC=----
 
Tool Versions:
Toolchain:       MDK-Lite  Version: 5.36.0.0
Toolchain Path:  C:\Keil_v5\ARM\ARMCLANG\Bin
C Compiler:      ArmClang.exe V6.16
Assembler:       Armasm.exe V6.16
Linker/Locator:  ArmLink.exe V6.16
Library Manager: ArmAr.exe V6.16
Hex Converter:   FromElf.exe V6.16
CPU DLL:         SARMCM3.DLL V5.36.0.0
Dialog DLL:      DCM.DLL V1.17.3.0
    Target DLL: lmidk-agdi.dll
Dialog DLL:      TCM.DLL V1.53.0.0
 
<h2>Project:</h2>
C:\github\Microwave-embedded-project\Microwave.uvprojx
Project File Date:  05/03/2022

<h2>Output:</h2>
*** Using Compiler 'V6.16', folder: 'C:\Keil_v5\ARM\ARMCLANG\Bin'
Build target 'Target 1'
main.c(1): warning: In file included from...
./gpio.h(88): warning: no newline at end of file [-Wnewline-eof]
#endif
      ^
main.c(2): warning: In file included from...
./systick.h(1): warning: In file included from...
C:/Users/Hana Ashraf/AppData/Local/Arm/Packs/Keil/TM4C_DFP/1.1.0/Device/Include/TM4C123\TM4C123.h(98): warning: In file included from...
C:/Users/Hana Ashraf/AppData/Local/Arm/Packs/Keil/TM4C_DFP/1.1.0/Device/Include/TM4C123/TM4C123GH6PM.h(298): warning: anonymous unions are a C11 extension [-Wc11-extensions]
  union {
  ^
C:/Users/Hana Ashraf/AppData/Local/Arm/Packs/Keil/TM4C_DFP/1.1.0/Device/Include/TM4C123/TM4C123GH6PM.h(338): warning: anonymous unions are a C11 extension [-Wc11-extensions]
  union {
  ^
C:/Users/Hana Ashraf/AppData/Local/Arm/Packs/Keil/TM4C_DFP/1.1.0/Device/Include/TM4C123/TM4C123GH6PM.h(357): warning: anonymous unions are a C11 extension [-Wc11-extensions]
  union {
  ^
C:/Users/Hana Ashraf/AppData/Local/Arm/Packs/Keil/TM4C_DFP/1.1.0/Device/Include/TM4C123/TM4C123GH6PM.h(713): warning: anonymous unions are a C11 extension [-Wc11-extensions]
  union {
  ^
C:/Users/Hana Ashraf/AppData/Local/Arm/Packs/Keil/TM4C_DFP/1.1.0/Device/Include/TM4C123/TM4C123GH6PM.h(729): warning: anonymous unions are a C11 extension [-Wc11-extensions]
  union {
  ^
C:/Users/Hana Ashraf/AppData/Local/Arm/Packs/Keil/TM4C_DFP/1.1.0/Device/Include/TM4C123/TM4C123GH6PM.h(774): warning: anonymous unions are a C11 extension [-Wc11-extensions]
  union {
  ^
C:/Users/Hana Ashraf/AppData/Local/Arm/Packs/Keil/TM4C_DFP/1.1.0/Device/Include/TM4C123/TM4C123GH6PM.h(779): warning: anonymous unions are a C11 extension [-Wc11-extensions]
  union {
  ^
C:/Users/Hana Ashraf/AppData/Local/Arm/Packs/Keil/TM4C_DFP/1.1.0/Device/Include/TM4C123/TM4C123GH6PM.h(872): warning: anonymous unions are a C11 extension [-Wc11-extensions]
  union {
  ^
C:/Users/Hana Ashraf/AppData/Local/Arm/Packs/Keil/TM4C_DFP/1.1.0/Device/Include/TM4C123/TM4C123GH6PM.h(885): warning: anonymous unions are a C11 extension [-Wc11-extensions]
  union {
  ^
C:/Users/Hana Ashraf/AppData/Local/Arm/Packs/Keil/TM4C_DFP/1.1.0/Device/Include/TM4C123/TM4C123GH6PM.h(892): warning: anonymous unions are a C11 extension [-Wc11-extensions]
  union {
  ^
C:/Users/Hana Ashraf/AppData/Local/Arm/Packs/Keil/TM4C_DFP/1.1.0/Device/Include/TM4C123/TM4C123GH6PM.h(897): warning: anonymous unions are a C11 extension [-Wc11-extensions]
  union {
  ^
C:/Users/Hana Ashraf/AppData/Local/Arm/Packs/Keil/TM4C_DFP/1.1.0/Device/Include/TM4C123/TM4C123GH6PM.h(904): warning: anonymous unions are a C11 extension [-Wc11-extensions]
  union {
  ^
C:/Users/Hana Ashraf/AppData/Local/Arm/Packs/Keil/TM4C_DFP/1.1.0/Device/Include/TM4C123/TM4C123GH6PM.h(910): warning: anonymous unions are a C11 extension [-Wc11-extensions]
  union {
  ^
C:/Users/Hana Ashraf/AppData/Local/Arm/Packs/Keil/TM4C_DFP/1.1.0/Device/Include/TM4C123/TM4C123GH6PM.h(917): warning: anonymous unions are a C11 extension [-Wc11-extensions]
  union {
  ^
C:/Users/Hana Ashraf/AppData/Local/Arm/Packs/Keil/TM4C_DFP/1.1.0/Device/Include/TM4C123/TM4C123GH6PM.h(924): warning: anonymous unions are a C11 extension [-Wc11-extensions]
  union {
  ^
C:/Users/Hana Ashraf/AppData/Local/Arm/Packs/Keil/TM4C_DFP/1.1.0/Device/Include/TM4C123/TM4C123GH6PM.h(929): warning: anonymous unions are a C11 extension [-Wc11-extensions]
  union {
  ^
C:/Users/Hana Ashraf/AppData/Local/Arm/Packs/Keil/TM4C_DFP/1.1.0/Device/Include/TM4C123/TM4C123GH6PM.h(936): warning: anonymous unions are a C11 extension [-Wc11-extensions]
  union {
  ^
C:/Users/Hana Ashraf/AppData/Local/Arm/Packs/Keil/TM4C_DFP/1.1.0/Device/Include/TM4C123/TM4C123GH6PM.h(942): warning: anonymous unions are a C11 extension [-Wc11-extensions]
  union {
  ^
C:/Users/Hana Ashraf/AppData/Local/Arm/Packs/Keil/TM4C_DFP/1.1.0/Device/Include/TM4C123/TM4C123GH6PM.h(949): warning: anonymous unions are a C11 extension [-Wc11-extensions]
  union {
  ^
C:/Users/Hana Ashraf/AppData/Local/Arm/Packs/Keil/TM4C_DFP/1.1.0/Device/Include/TM4C123/TM4C123GH6PM.h(956): warning: anonymous unions are a C11 extension [-Wc11-extensions]
  union {
  ^
C:/Users/Hana Ashraf/AppData/Local/Arm/Packs/Keil/TM4C_DFP/1.1.0/Device/Include/TM4C123/TM4C123GH6PM.h(961): warning: anonymous unions are a C11 extension [-Wc11-extensions]
  union {
  ^
C:/Users/Hana Ashraf/AppData/Local/Arm/Packs/Keil/TM4C_DFP/1.1.0/Device/Include/TM4C123/TM4C123GH6PM.h(968): warning: anonymous unions are a C11 extension [-Wc11-extensions]
  union {
  ^
C:/Users/Hana Ashraf/AppData/Local/Arm/Packs/Keil/TM4C_DFP/1.1.0/Device/Include/TM4C123/TM4C123GH6PM.h(974): warning: anonymous unions are a C11 extension [-Wc11-extensions]
  union {
  ^
C:/Users/Hana Ashraf/AppData/Local/Arm/Packs/Keil/TM4C_DFP/1.1.0/Device/Include/TM4C123/TM4C123GH6PM.h(981): warning: anonymous unions are a C11 extension [-Wc11-extensions]
  union {
  ^
C:/Users/Hana Ashraf/AppData/Local/Arm/Packs/Keil/TM4C_DFP/1.1.0/Device/Include/TM4C123/TM4C123GH6PM.h(988): warning: anonymous unions are a C11 extension [-Wc11-extensions]
  union {
  ^
C:/Users/Hana Ashraf/AppData/Local/Arm/Packs/Keil/TM4C_DFP/1.1.0/Device/Include/TM4C123/TM4C123GH6PM.h(993): warning: anonymous unions are a C11 extension [-Wc11-extensions]
  union {
  ^
C:/Users/Hana Ashraf/AppData/Local/Arm/Packs/Keil/TM4C_DFP/1.1.0/Device/Include/TM4C123/TM4C123GH6PM.h(1000): warning: anonymous unions are a C11 extension [-Wc11-extensions]
  union {
  ^
C:/Users/Hana Ashraf/AppData/Local/Arm/Packs/Keil/TM4C_DFP/1.1.0/Device/Include/TM4C123/TM4C123GH6PM.h(1006): warning: anonymous unions are a C11 extension [-Wc11-extensions]
  union {
  ^
C:/Users/Hana Ashraf/AppData/Local/Arm/Packs/Keil/TM4C_DFP/1.1.0/Device/Include/TM4C123/TM4C123GH6PM.h(1013): warning: anonymous unions are a C11 extension [-Wc11-extensions]
  union {
  ^
C:/Users/Hana Ashraf/AppData/Local/Arm/Packs/Keil/TM4C_DFP/1.1.0/Device/Include/TM4C123/TM4C123GH6PM.h(1020): warning: anonymous unions are a C11 extension [-Wc11-extensions]
  union {
  ^
C:/Users/Hana Ashraf/AppData/Local/Arm/Packs/Keil/TM4C_DFP/1.1.0/Device/Include/TM4C123/TM4C123GH6PM.h(1025): warning: anonymous unions are a C11 extension [-Wc11-extensions]
  union {
  ^
C:/Users/Hana Ashraf/AppData/Local/Arm/Packs/Keil/TM4C_DFP/1.1.0/Device/Include/TM4C123/TM4C123GH6PM.h(1032): warning: anonymous unions are a C11 extension [-Wc11-extensions]
  union {
  ^
C:/Users/Hana Ashraf/AppData/Local/Arm/Packs/Keil/TM4C_DFP/1.1.0/Device/Include/TM4C123/TM4C123GH6PM.h(1038): warning: anonymous unions are a C11 extension [-Wc11-extensions]
  union {
  ^
C:/Users/Hana Ashraf/AppData/Local/Arm/Packs/Keil/TM4C_DFP/1.1.0/Device/Include/TM4C123/TM4C123GH6PM.h(1045): warning: anonymous unions are a C11 extension [-Wc11-extensions]
  union {
  ^
C:/Users/Hana Ashraf/AppData/Local/Arm/Packs/Keil/TM4C_DFP/1.1.0/Device/Include/TM4C123/TM4C123GH6PM.h(1052): warning: anonymous unions are a C11 extension [-Wc11-extensions]
  union {
  ^
C:/Users/Hana Ashraf/AppData/Local/Arm/Packs/Keil/TM4C_DFP/1.1.0/Device/Include/TM4C123/TM4C123GH6PM.h(1057): warning: anonymous unions are a C11 extension [-Wc11-extensions]
  union {
  ^
C:/Users/Hana Ashraf/AppData/Local/Arm/Packs/Keil/TM4C_DFP/1.1.0/Device/Include/TM4C123/TM4C123GH6PM.h(1064): warning: anonymous unions are a C11 extension [-Wc11-extensions]
  union {
  ^
C:/Users/Hana Ashraf/AppData/Local/Arm/Packs/Keil/TM4C_DFP/1.1.0/Device/Include/TM4C123/TM4C123GH6PM.h(1070): warning: anonymous unions are a C11 extension [-Wc11-extensions]
  union {
  ^
C:/Users/Hana Ashraf/AppData/Local/Arm/Packs/Keil/TM4C_DFP/1.1.0/Device/Include/TM4C123/TM4C123GH6PM.h(1077): warning: anonymous unions are a C11 extension [-Wc11-extensions]
  union {
  ^
C:/Users/Hana Ashraf/AppData/Local/Arm/Packs/Keil/TM4C_DFP/1.1.0/Device/Include/TM4C123/TM4C123GH6PM.h(1084): warning: anonymous unions are a C11 extension [-Wc11-extensions]
  union {
  ^
C:/Users/Hana Ashraf/AppData/Local/Arm/Packs/Keil/TM4C_DFP/1.1.0/Device/Include/TM4C123/TM4C123GH6PM.h(1089): warning: anonymous unions are a C11 extension [-Wc11-extensions]
  union {
  ^
C:/Users/Hana Ashraf/AppData/Local/Arm/Packs/Keil/TM4C_DFP/1.1.0/Device/Include/TM4C123/TM4C123GH6PM.h(1096): warning: anonymous unions are a C11 extension [-Wc11-extensions]
  union {
  ^
C:/Users/Hana Ashraf/AppData/Local/Arm/Packs/Keil/TM4C_DFP/1.1.0/Device/Include/TM4C123/TM4C123GH6PM.h(1102): warning: anonymous unions are a C11 extension [-Wc11-extensions]
  union {
  ^
C:/Users/Hana Ashraf/AppData/Local/Arm/Packs/Keil/TM4C_DFP/1.1.0/Device/Include/TM4C123/TM4C123GH6PM.h(1251): warning: anonymous unions are a C11 extension [-Wc11-extensions]
  union {
  ^
main.c(3): warning: In file included from...
./keypad.h(36): warning: no newline at end of file [-Wnewline-eof]
#endif
      ^
46 warnings generated.
compiling main.c...
LCD.c(1): warning: non-portable path to file '"LCD.h"'; specified path differs in case from file name on disk [-Wnonportable-include-path]
#include "lcd.h"
         ^~~~~~~
         "LCD.h"
LCD.c(1): warning: In file included from...
./lcd.h(6): warning: In file included from...
C:/Users/Hana Ashraf/AppData/Local/Arm/Packs/Keil/TM4C_DFP/1.1.0/Device/Include/TM4C123\TM4C123.h(98): warning: In file included from...
C:/Users/Hana Ashraf/AppData/Local/Arm/Packs/Keil/TM4C_DFP/1.1.0/Device/Include/TM4C123/TM4C123GH6PM.h(298): warning: anonymous unions are a C11 extension [-Wc11-extensions]
  union {
  ^
C:/Users/Hana Ashraf/AppData/Local/Arm/Packs/Keil/TM4C_DFP/1.1.0/Device/Include/TM4C123/TM4C123GH6PM.h(338): warning: anonymous unions are a C11 extension [-Wc11-extensions]
  union {
  ^
C:/Users/Hana Ashraf/AppData/Local/Arm/Packs/Keil/TM4C_DFP/1.1.0/Device/Include/TM4C123/TM4C123GH6PM.h(357): warning: anonymous unions are a C11 extension [-Wc11-extensions]
  union {
  ^
C:/Users/Hana Ashraf/AppData/Local/Arm/Packs/Keil/TM4C_DFP/1.1.0/Device/Include/TM4C123/TM4C123GH6PM.h(713): warning: anonymous unions are a C11 extension [-Wc11-extensions]
  union {
  ^
C:/Users/Hana Ashraf/AppData/Local/Arm/Packs/Keil/TM4C_DFP/1.1.0/Device/Include/TM4C123/TM4C123GH6PM.h(729): warning: anonymous unions are a C11 extension [-Wc11-extensions]
  union {
  ^
C:/Users/Hana Ashraf/AppData/Local/Arm/Packs/Keil/TM4C_DFP/1.1.0/Device/Include/TM4C123/TM4C123GH6PM.h(774): warning: anonymous unions are a C11 extension [-Wc11-extensions]
  union {
  ^
C:/Users/Hana Ashraf/AppData/Local/Arm/Packs/Keil/TM4C_DFP/1.1.0/Device/Include/TM4C123/TM4C123GH6PM.h(779): warning: anonymous unions are a C11 extension [-Wc11-extensions]
  union {
  ^
C:/Users/Hana Ashraf/AppData/Local/Arm/Packs/Keil/TM4C_DFP/1.1.0/Device/Include/TM4C123/TM4C123GH6PM.h(872): warning: anonymous unions are a C11 extension [-Wc11-extensions]
  union {
  ^
C:/Users/Hana Ashraf/AppData/Local/Arm/Packs/Keil/TM4C_DFP/1.1.0/Device/Include/TM4C123/TM4C123GH6PM.h(885): warning: anonymous unions are a C11 extension [-Wc11-extensions]
  union {
  ^
C:/Users/Hana Ashraf/AppData/Local/Arm/Packs/Keil/TM4C_DFP/1.1.0/Device/Include/TM4C123/TM4C123GH6PM.h(892): warning: anonymous unions are a C11 extension [-Wc11-extensions]
  union {
  ^
C:/Users/Hana Ashraf/AppData/Local/Arm/Packs/Keil/TM4C_DFP/1.1.0/Device/Include/TM4C123/TM4C123GH6PM.h(897): warning: anonymous unions are a C11 extension [-Wc11-extensions]
  union {
  ^
C:/Users/Hana Ashraf/AppData/Local/Arm/Packs/Keil/TM4C_DFP/1.1.0/Device/Include/TM4C123/TM4C123GH6PM.h(904): warning: anonymous unions are a C11 extension [-Wc11-extensions]
  union {
  ^
C:/Users/Hana Ashraf/AppData/Local/Arm/Packs/Keil/TM4C_DFP/1.1.0/Device/Include/TM4C123/TM4C123GH6PM.h(910): warning: anonymous unions are a C11 extension [-Wc11-extensions]
  union {
  ^
C:/Users/Hana Ashraf/AppData/Local/Arm/Packs/Keil/TM4C_DFP/1.1.0/Device/Include/TM4C123/TM4C123GH6PM.h(917): warning: anonymous unions are a C11 extension [-Wc11-extensions]
  union {
  ^
C:/Users/Hana Ashraf/AppData/Local/Arm/Packs/Keil/TM4C_DFP/1.1.0/Device/Include/TM4C123/TM4C123GH6PM.h(924): warning: anonymous unions are a C11 extension [-Wc11-extensions]
  union {
  ^
C:/Users/Hana Ashraf/AppData/Local/Arm/Packs/Keil/TM4C_DFP/1.1.0/Device/Include/TM4C123/TM4C123GH6PM.h(929): warning: anonymous unions are a C11 extension [-Wc11-extensions]
  union {
  ^
C:/Users/Hana Ashraf/AppData/Local/Arm/Packs/Keil/TM4C_DFP/1.1.0/Device/Include/TM4C123/TM4C123GH6PM.h(936): warning: anonymous unions are a C11 extension [-Wc11-extensions]
  union {
  ^
C:/Users/Hana Ashraf/AppData/Local/Arm/Packs/Keil/TM4C_DFP/1.1.0/Device/Include/TM4C123/TM4C123GH6PM.h(942): warning: anonymous unions are a C11 extension [-Wc11-extensions]
  union {
  ^
C:/Users/Hana Ashraf/AppData/Local/Arm/Packs/Keil/TM4C_DFP/1.1.0/Device/Include/TM4C123/TM4C123GH6PM.h(949): warning: anonymous unions are a C11 extension [-Wc11-extensions]
  union {
  ^
C:/Users/Hana Ashraf/AppData/Local/Arm/Packs/Keil/TM4C_DFP/1.1.0/Device/Include/TM4C123/TM4C123GH6PM.h(956): warning: anonymous unions are a C11 extension [-Wc11-extensions]
  union {
  ^
C:/Users/Hana Ashraf/AppData/Local/Arm/Packs/Keil/TM4C_DFP/1.1.0/Device/Include/TM4C123/TM4C123GH6PM.h(961): warning: anonymous unions are a C11 extension [-Wc11-extensions]
  union {
  ^
C:/Users/Hana Ashraf/AppData/Local/Arm/Packs/Keil/TM4C_DFP/1.1.0/Device/Include/TM4C123/TM4C123GH6PM.h(968): warning: anonymous unions are a C11 extension [-Wc11-extensions]
  union {
  ^
C:/Users/Hana Ashraf/AppData/Local/Arm/Packs/Keil/TM4C_DFP/1.1.0/Device/Include/TM4C123/TM4C123GH6PM.h(974): warning: anonymous unions are a C11 extension [-Wc11-extensions]
  union {
  ^
C:/Users/Hana Ashraf/AppData/Local/Arm/Packs/Keil/TM4C_DFP/1.1.0/Device/Include/TM4C123/TM4C123GH6PM.h(981): warning: anonymous unions are a C11 extension [-Wc11-extensions]
  union {
  ^
C:/Users/Hana Ashraf/AppData/Local/Arm/Packs/Keil/TM4C_DFP/1.1.0/Device/Include/TM4C123/TM4C123GH6PM.h(988): warning: anonymous unions are a C11 extension [-Wc11-extensions]
  union {
  ^
C:/Users/Hana Ashraf/AppData/Local/Arm/Packs/Keil/TM4C_DFP/1.1.0/Device/Include/TM4C123/TM4C123GH6PM.h(993): warning: anonymous unions are a C11 extension [-Wc11-extensions]
  union {
  ^
C:/Users/Hana Ashraf/AppData/Local/Arm/Packs/Keil/TM4C_DFP/1.1.0/Device/Include/TM4C123/TM4C123GH6PM.h(1000): warning: anonymous unions are a C11 extension [-Wc11-extensions]
  union {
  ^
C:/Users/Hana Ashraf/AppData/Local/Arm/Packs/Keil/TM4C_DFP/1.1.0/Device/Include/TM4C123/TM4C123GH6PM.h(1006): warning: anonymous unions are a C11 extension [-Wc11-extensions]
  union {
  ^
C:/Users/Hana Ashraf/AppData/Local/Arm/Packs/Keil/TM4C_DFP/1.1.0/Device/Include/TM4C123/TM4C123GH6PM.h(1013): warning: anonymous unions are a C11 extension [-Wc11-extensions]
  union {
  ^
C:/Users/Hana Ashraf/AppData/Local/Arm/Packs/Keil/TM4C_DFP/1.1.0/Device/Include/TM4C123/TM4C123GH6PM.h(1020): warning: anonymous unions are a C11 extension [-Wc11-extensions]
  union {
  ^
C:/Users/Hana Ashraf/AppData/Local/Arm/Packs/Keil/TM4C_DFP/1.1.0/Device/Include/TM4C123/TM4C123GH6PM.h(1025): warning: anonymous unions are a C11 extension [-Wc11-extensions]
  union {
  ^
C:/Users/Hana Ashraf/AppData/Local/Arm/Packs/Keil/TM4C_DFP/1.1.0/Device/Include/TM4C123/TM4C123GH6PM.h(1032): warning: anonymous unions are a C11 extension [-Wc11-extensions]
  union {
  ^
C:/Users/Hana Ashraf/AppData/Local/Arm/Packs/Keil/TM4C_DFP/1.1.0/Device/Include/TM4C123/TM4C123GH6PM.h(1038): warning: anonymous unions are a C11 extension [-Wc11-extensions]
  union {
  ^
C:/Users/Hana Ashraf/AppData/Local/Arm/Packs/Keil/TM4C_DFP/1.1.0/Device/Include/TM4C123/TM4C123GH6PM.h(1045): warning: anonymous unions are a C11 extension [-Wc11-extensions]
  union {
  ^
C:/Users/Hana Ashraf/AppData/Local/Arm/Packs/Keil/TM4C_DFP/1.1.0/Device/Include/TM4C123/TM4C123GH6PM.h(1052): warning: anonymous unions are a C11 extension [-Wc11-extensions]
  union {
  ^
C:/Users/Hana Ashraf/AppData/Local/Arm/Packs/Keil/TM4C_DFP/1.1.0/Device/Include/TM4C123/TM4C123GH6PM.h(1057): warning: anonymous unions are a C11 extension [-Wc11-extensions]
  union {
  ^
C:/Users/Hana Ashraf/AppData/Local/Arm/Packs/Keil/TM4C_DFP/1.1.0/Device/Include/TM4C123/TM4C123GH6PM.h(1064): warning: anonymous unions are a C11 extension [-Wc11-extensions]
  union {
  ^
C:/Users/Hana Ashraf/AppData/Local/Arm/Packs/Keil/TM4C_DFP/1.1.0/Device/Include/TM4C123/TM4C123GH6PM.h(1070): warning: anonymous unions are a C11 extension [-Wc11-extensions]
  union {
  ^
C:/Users/Hana Ashraf/AppData/Local/Arm/Packs/Keil/TM4C_DFP/1.1.0/Device/Include/TM4C123/TM4C123GH6PM.h(1077): warning: anonymous unions are a C11 extension [-Wc11-extensions]
  union {
  ^
C:/Users/Hana Ashraf/AppData/Local/Arm/Packs/Keil/TM4C_DFP/1.1.0/Device/Include/TM4C123/TM4C123GH6PM.h(1084): warning: anonymous unions are a C11 extension [-Wc11-extensions]
  union {
  ^
C:/Users/Hana Ashraf/AppData/Local/Arm/Packs/Keil/TM4C_DFP/1.1.0/Device/Include/TM4C123/TM4C123GH6PM.h(1089): warning: anonymous unions are a C11 extension [-Wc11-extensions]
  union {
  ^
C:/Users/Hana Ashraf/AppData/Local/Arm/Packs/Keil/TM4C_DFP/1.1.0/Device/Include/TM4C123/TM4C123GH6PM.h(1096): warning: anonymous unions are a C11 extension [-Wc11-extensions]
  union {
  ^
C:/Users/Hana Ashraf/AppData/Local/Arm/Packs/Keil/TM4C_DFP/1.1.0/Device/Include/TM4C123/TM4C123GH6PM.h(1102): warning: anonymous unions are a C11 extension [-Wc11-extensions]
  union {
  ^
C:/Users/Hana Ashraf/AppData/Local/Arm/Packs/Keil/TM4C_DFP/1.1.0/Device/Include/TM4C123/TM4C123GH6PM.h(1251): warning: anonymous unions are a C11 extension [-Wc11-extensions]
  union {
  ^
LCD.c(1): warning: In file included from...
./lcd.h(51): warning: no newline at end of file [-Wnewline-eof]
#endif /* LCD_H_ */
                   ^
LCD.c(2): warning: In file included from...
./gpio.h(88): warning: no newline at end of file [-Wnewline-eof]
#endif
      ^
LCD.c(34): warning: implicit conversion loses integer precision: 'int' to 'uint8_t' (aka 'unsigned char') [-Wimplicit-int-conversion]
        LCD_writeBits((command & 0x0F )<< 4 , 0);                        
        ~~~~~~~~~~~~~ ~~~~~~~~~~~~~~~~~^~~~
LCD.c(41): warning: implicit conversion loses integer precision: 'int' to 'uint8_t' (aka 'unsigned char') [-Wimplicit-int-conversion]
        LCD_writeBits((data & 0x0F )<< 4 , RS);     
        ~~~~~~~~~~~~~ ~~~~~~~~~~~~~~^~~~
LCD.c(73): warning: variable 'Address' may be uninitialized when used here [-Wconditional-uninitialized]
        LCD_sendCommand(Address | SET_CURSOR_LOCATION); 
                        ^~~~~~~
LCD.c(59): note: initialize the variable 'Address' to silence this warning
        uint8_t Address;
                       ^
                        = '\0'
50 warnings generated.
compiling LCD.c...
keypad.c(1): warning: In file included from...
C:/Users/Hana Ashraf/AppData/Local/Arm/Packs/Keil/TM4C_DFP/1.1.0/Device/Include/TM4C123\TM4C123.h(98): warning: In file included from...
C:/Users/Hana Ashraf/AppData/Local/Arm/Packs/Keil/TM4C_DFP/1.1.0/Device/Include/TM4C123/TM4C123GH6PM.h(298): warning: anonymous unions are a C11 extension [-Wc11-extensions]
  union {
  ^
C:/Users/Hana Ashraf/AppData/Local/Arm/Packs/Keil/TM4C_DFP/1.1.0/Device/Include/TM4C123/TM4C123GH6PM.h(338): warning: anonymous unions are a C11 extension [-Wc11-extensions]
  union {
  ^
C:/Users/Hana Ashraf/AppData/Local/Arm/Packs/Keil/TM4C_DFP/1.1.0/Device/Include/TM4C123/TM4C123GH6PM.h(357): warning: anonymous unions are a C11 extension [-Wc11-extensions]
  union {
  ^
C:/Users/Hana Ashraf/AppData/Local/Arm/Packs/Keil/TM4C_DFP/1.1.0/Device/Include/TM4C123/TM4C123GH6PM.h(713): warning: anonymous unions are a C11 extension [-Wc11-extensions]
  union {
  ^
C:/Users/Hana Ashraf/AppData/Local/Arm/Packs/Keil/TM4C_DFP/1.1.0/Device/Include/TM4C123/TM4C123GH6PM.h(729): warning: anonymous unions are a C11 extension [-Wc11-extensions]
  union {
  ^
C:/Users/Hana Ashraf/AppData/Local/Arm/Packs/Keil/TM4C_DFP/1.1.0/Device/Include/TM4C123/TM4C123GH6PM.h(774): warning: anonymous unions are a C11 extension [-Wc11-extensions]
  union {
  ^
C:/Users/Hana Ashraf/AppData/Local/Arm/Packs/Keil/TM4C_DFP/1.1.0/Device/Include/TM4C123/TM4C123GH6PM.h(779): warning: anonymous unions are a C11 extension [-Wc11-extensions]
  union {
  ^
C:/Users/Hana Ashraf/AppData/Local/Arm/Packs/Keil/TM4C_DFP/1.1.0/Device/Include/TM4C123/TM4C123GH6PM.h(872): warning: anonymous unions are a C11 extension [-Wc11-extensions]
  union {
  ^
C:/Users/Hana Ashraf/AppData/Local/Arm/Packs/Keil/TM4C_DFP/1.1.0/Device/Include/TM4C123/TM4C123GH6PM.h(885): warning: anonymous unions are a C11 extension [-Wc11-extensions]
  union {
  ^
C:/Users/Hana Ashraf/AppData/Local/Arm/Packs/Keil/TM4C_DFP/1.1.0/Device/Include/TM4C123/TM4C123GH6PM.h(892): warning: anonymous unions are a C11 extension [-Wc11-extensions]
  union {
  ^
C:/Users/Hana Ashraf/AppData/Local/Arm/Packs/Keil/TM4C_DFP/1.1.0/Device/Include/TM4C123/TM4C123GH6PM.h(897): warning: anonymous unions are a C11 extension [-Wc11-extensions]
  union {
  ^
C:/Users/Hana Ashraf/AppData/Local/Arm/Packs/Keil/TM4C_DFP/1.1.0/Device/Include/TM4C123/TM4C123GH6PM.h(904): warning: anonymous unions are a C11 extension [-Wc11-extensions]
  union {
  ^
C:/Users/Hana Ashraf/AppData/Local/Arm/Packs/Keil/TM4C_DFP/1.1.0/Device/Include/TM4C123/TM4C123GH6PM.h(910): warning: anonymous unions are a C11 extension [-Wc11-extensions]
  union {
  ^
C:/Users/Hana Ashraf/AppData/Local/Arm/Packs/Keil/TM4C_DFP/1.1.0/Device/Include/TM4C123/TM4C123GH6PM.h(917): warning: anonymous unions are a C11 extension [-Wc11-extensions]
  union {
  ^
C:/Users/Hana Ashraf/AppData/Local/Arm/Packs/Keil/TM4C_DFP/1.1.0/Device/Include/TM4C123/TM4C123GH6PM.h(924): warning: anonymous unions are a C11 extension [-Wc11-extensions]
  union {
  ^
C:/Users/Hana Ashraf/AppData/Local/Arm/Packs/Keil/TM4C_DFP/1.1.0/Device/Include/TM4C123/TM4C123GH6PM.h(929): warning: anonymous unions are a C11 extension [-Wc11-extensions]
  union {
  ^
C:/Users/Hana Ashraf/AppData/Local/Arm/Packs/Keil/TM4C_DFP/1.1.0/Device/Include/TM4C123/TM4C123GH6PM.h(936): warning: anonymous unions are a C11 extension [-Wc11-extensions]
  union {
  ^
C:/Users/Hana Ashraf/AppData/Local/Arm/Packs/Keil/TM4C_DFP/1.1.0/Device/Include/TM4C123/TM4C123GH6PM.h(942): warning: anonymous unions are a C11 extension [-Wc11-extensions]
  union {
  ^
C:/Users/Hana Ashraf/AppData/Local/Arm/Packs/Keil/TM4C_DFP/1.1.0/Device/Include/TM4C123/TM4C123GH6PM.h(949): warning: anonymous unions are a C11 extension [-Wc11-extensions]
  union {
  ^
C:/Users/Hana Ashraf/AppData/Local/Arm/Packs/Keil/TM4C_DFP/1.1.0/Device/Include/TM4C123/TM4C123GH6PM.h(956): warning: anonymous unions are a C11 extension [-Wc11-extensions]
  union {
  ^
C:/Users/Hana Ashraf/AppData/Local/Arm/Packs/Keil/TM4C_DFP/1.1.0/Device/Include/TM4C123/TM4C123GH6PM.h(961): warning: anonymous unions are a C11 extension [-Wc11-extensions]
  union {
  ^
C:/Users/Hana Ashraf/AppData/Local/Arm/Packs/Keil/TM4C_DFP/1.1.0/Device/Include/TM4C123/TM4C123GH6PM.h(968): warning: anonymous unions are a C11 extension [-Wc11-extensions]
  union {
  ^
C:/Users/Hana Ashraf/AppData/Local/Arm/Packs/Keil/TM4C_DFP/1.1.0/Device/Include/TM4C123/TM4C123GH6PM.h(974): warning: anonymous unions are a C11 extension [-Wc11-extensions]
  union {
  ^
C:/Users/Hana Ashraf/AppData/Local/Arm/Packs/Keil/TM4C_DFP/1.1.0/Device/Include/TM4C123/TM4C123GH6PM.h(981): warning: anonymous unions are a C11 extension [-Wc11-extensions]
  union {
  ^
C:/Users/Hana Ashraf/AppData/Local/Arm/Packs/Keil/TM4C_DFP/1.1.0/Device/Include/TM4C123/TM4C123GH6PM.h(988): warning: anonymous unions are a C11 extension [-Wc11-extensions]
  union {
  ^
C:/Users/Hana Ashraf/AppData/Local/Arm/Packs/Keil/TM4C_DFP/1.1.0/Device/Include/TM4C123/TM4C123GH6PM.h(993): warning: anonymous unions are a C11 extension [-Wc11-extensions]
  union {
  ^
C:/Users/Hana Ashraf/AppData/Local/Arm/Packs/Keil/TM4C_DFP/1.1.0/Device/Include/TM4C123/TM4C123GH6PM.h(1000): warning: anonymous unions are a C11 extension [-Wc11-extensions]
  union {
  ^
C:/Users/Hana Ashraf/AppData/Local/Arm/Packs/Keil/TM4C_DFP/1.1.0/Device/Include/TM4C123/TM4C123GH6PM.h(1006): warning: anonymous unions are a C11 extension [-Wc11-extensions]
  union {
  ^
C:/Users/Hana Ashraf/AppData/Local/Arm/Packs/Keil/TM4C_DFP/1.1.0/Device/Include/TM4C123/TM4C123GH6PM.h(1013): warning: anonymous unions are a C11 extension [-Wc11-extensions]
  union {
  ^
C:/Users/Hana Ashraf/AppData/Local/Arm/Packs/Keil/TM4C_DFP/1.1.0/Device/Include/TM4C123/TM4C123GH6PM.h(1020): warning: anonymous unions are a C11 extension [-Wc11-extensions]
  union {
  ^
C:/Users/Hana Ashraf/AppData/Local/Arm/Packs/Keil/TM4C_DFP/1.1.0/Device/Include/TM4C123/TM4C123GH6PM.h(1025): warning: anonymous unions are a C11 extension [-Wc11-extensions]
  union {
  ^
C:/Users/Hana Ashraf/AppData/Local/Arm/Packs/Keil/TM4C_DFP/1.1.0/Device/Include/TM4C123/TM4C123GH6PM.h(1032): warning: anonymous unions are a C11 extension [-Wc11-extensions]
  union {
  ^
C:/Users/Hana Ashraf/AppData/Local/Arm/Packs/Keil/TM4C_DFP/1.1.0/Device/Include/TM4C123/TM4C123GH6PM.h(1038): warning: anonymous unions are a C11 extension [-Wc11-extensions]
  union {
  ^
C:/Users/Hana Ashraf/AppData/Local/Arm/Packs/Keil/TM4C_DFP/1.1.0/Device/Include/TM4C123/TM4C123GH6PM.h(1045): warning: anonymous unions are a C11 extension [-Wc11-extensions]
  union {
  ^
C:/Users/Hana Ashraf/AppData/Local/Arm/Packs/Keil/TM4C_DFP/1.1.0/Device/Include/TM4C123/TM4C123GH6PM.h(1052): warning: anonymous unions are a C11 extension [-Wc11-extensions]
  union {
  ^
C:/Users/Hana Ashraf/AppData/Local/Arm/Packs/Keil/TM4C_DFP/1.1.0/Device/Include/TM4C123/TM4C123GH6PM.h(1057): warning: anonymous unions are a C11 extension [-Wc11-extensions]
  union {
  ^
C:/Users/Hana Ashraf/AppData/Local/Arm/Packs/Keil/TM4C_DFP/1.1.0/Device/Include/TM4C123/TM4C123GH6PM.h(1064): warning: anonymous unions are a C11 extension [-Wc11-extensions]
  union {
  ^
C:/Users/Hana Ashraf/AppData/Local/Arm/Packs/Keil/TM4C_DFP/1.1.0/Device/Include/TM4C123/TM4C123GH6PM.h(1070): warning: anonymous unions are a C11 extension [-Wc11-extensions]
  union {
  ^
C:/Users/Hana Ashraf/AppData/Local/Arm/Packs/Keil/TM4C_DFP/1.1.0/Device/Include/TM4C123/TM4C123GH6PM.h(1077): warning: anonymous unions are a C11 extension [-Wc11-extensions]
  union {
  ^
C:/Users/Hana Ashraf/AppData/Local/Arm/Packs/Keil/TM4C_DFP/1.1.0/Device/Include/TM4C123/TM4C123GH6PM.h(1084): warning: anonymous unions are a C11 extension [-Wc11-extensions]
  union {
  ^
C:/Users/Hana Ashraf/AppData/Local/Arm/Packs/Keil/TM4C_DFP/1.1.0/Device/Include/TM4C123/TM4C123GH6PM.h(1089): warning: anonymous unions are a C11 extension [-Wc11-extensions]
  union {
  ^
C:/Users/Hana Ashraf/AppData/Local/Arm/Packs/Keil/TM4C_DFP/1.1.0/Device/Include/TM4C123/TM4C123GH6PM.h(1096): warning: anonymous unions are a C11 extension [-Wc11-extensions]
  union {
  ^
C:/Users/Hana Ashraf/AppData/Local/Arm/Packs/Keil/TM4C_DFP/1.1.0/Device/Include/TM4C123/TM4C123GH6PM.h(1102): warning: anonymous unions are a C11 extension [-Wc11-extensions]
  union {
  ^
C:/Users/Hana Ashraf/AppData/Local/Arm/Packs/Keil/TM4C_DFP/1.1.0/Device/Include/TM4C123/TM4C123GH6PM.h(1251): warning: anonymous unions are a C11 extension [-Wc11-extensions]
  union {
  ^
keypad.c(2): warning: In file included from...
./keypad.h(36): warning: no newline at end of file [-Wnewline-eof]
#endif
      ^
keypad.c(41): warning: no newline at end of file [-Wnewline-eof]
}
 ^
46 warnings generated.
compiling keypad.c...
systick.c(1): warning: In file included from...
C:/Users/Hana Ashraf/AppData/Local/Arm/Packs/Keil/TM4C_DFP/1.1.0/Device/Include/TM4C123\TM4C123.h(98): warning: In file included from...
C:/Users/Hana Ashraf/AppData/Local/Arm/Packs/Keil/TM4C_DFP/1.1.0/Device/Include/TM4C123/TM4C123GH6PM.h(298): warning: anonymous unions are a C11 extension [-Wc11-extensions]
  union {
  ^
C:/Users/Hana Ashraf/AppData/Local/Arm/Packs/Keil/TM4C_DFP/1.1.0/Device/Include/TM4C123/TM4C123GH6PM.h(338): warning: anonymous unions are a C11 extension [-Wc11-extensions]
  union {
  ^
C:/Users/Hana Ashraf/AppData/Local/Arm/Packs/Keil/TM4C_DFP/1.1.0/Device/Include/TM4C123/TM4C123GH6PM.h(357): warning: anonymous unions are a C11 extension [-Wc11-extensions]
  union {
  ^
C:/Users/Hana Ashraf/AppData/Local/Arm/Packs/Keil/TM4C_DFP/1.1.0/Device/Include/TM4C123/TM4C123GH6PM.h(713): warning: anonymous unions are a C11 extension [-Wc11-extensions]
  union {
  ^
C:/Users/Hana Ashraf/AppData/Local/Arm/Packs/Keil/TM4C_DFP/1.1.0/Device/Include/TM4C123/TM4C123GH6PM.h(729): warning: anonymous unions are a C11 extension [-Wc11-extensions]
  union {
  ^
C:/Users/Hana Ashraf/AppData/Local/Arm/Packs/Keil/TM4C_DFP/1.1.0/Device/Include/TM4C123/TM4C123GH6PM.h(774): warning: anonymous unions are a C11 extension [-Wc11-extensions]
  union {
  ^
C:/Users/Hana Ashraf/AppData/Local/Arm/Packs/Keil/TM4C_DFP/1.1.0/Device/Include/TM4C123/TM4C123GH6PM.h(779): warning: anonymous unions are a C11 extension [-Wc11-extensions]
  union {
  ^
C:/Users/Hana Ashraf/AppData/Local/Arm/Packs/Keil/TM4C_DFP/1.1.0/Device/Include/TM4C123/TM4C123GH6PM.h(872): warning: anonymous unions are a C11 extension [-Wc11-extensions]
  union {
  ^
C:/Users/Hana Ashraf/AppData/Local/Arm/Packs/Keil/TM4C_DFP/1.1.0/Device/Include/TM4C123/TM4C123GH6PM.h(885): warning: anonymous unions are a C11 extension [-Wc11-extensions]
  union {
  ^
C:/Users/Hana Ashraf/AppData/Local/Arm/Packs/Keil/TM4C_DFP/1.1.0/Device/Include/TM4C123/TM4C123GH6PM.h(892): warning: anonymous unions are a C11 extension [-Wc11-extensions]
  union {
  ^
C:/Users/Hana Ashraf/AppData/Local/Arm/Packs/Keil/TM4C_DFP/1.1.0/Device/Include/TM4C123/TM4C123GH6PM.h(897): warning: anonymous unions are a C11 extension [-Wc11-extensions]
  union {
  ^
C:/Users/Hana Ashraf/AppData/Local/Arm/Packs/Keil/TM4C_DFP/1.1.0/Device/Include/TM4C123/TM4C123GH6PM.h(904): warning: anonymous unions are a C11 extension [-Wc11-extensions]
  union {
  ^
C:/Users/Hana Ashraf/AppData/Local/Arm/Packs/Keil/TM4C_DFP/1.1.0/Device/Include/TM4C123/TM4C123GH6PM.h(910): warning: anonymous unions are a C11 extension [-Wc11-extensions]
  union {
  ^
C:/Users/Hana Ashraf/AppData/Local/Arm/Packs/Keil/TM4C_DFP/1.1.0/Device/Include/TM4C123/TM4C123GH6PM.h(917): warning: anonymous unions are a C11 extension [-Wc11-extensions]
  union {
  ^
C:/Users/Hana Ashraf/AppData/Local/Arm/Packs/Keil/TM4C_DFP/1.1.0/Device/Include/TM4C123/TM4C123GH6PM.h(924): warning: anonymous unions are a C11 extension [-Wc11-extensions]
  union {
  ^
C:/Users/Hana Ashraf/AppData/Local/Arm/Packs/Keil/TM4C_DFP/1.1.0/Device/Include/TM4C123/TM4C123GH6PM.h(929): warning: anonymous unions are a C11 extension [-Wc11-extensions]
  union {
  ^
C:/Users/Hana Ashraf/AppData/Local/Arm/Packs/Keil/TM4C_DFP/1.1.0/Device/Include/TM4C123/TM4C123GH6PM.h(936): warning: anonymous unions are a C11 extension [-Wc11-extensions]
  union {
  ^
C:/Users/Hana Ashraf/AppData/Local/Arm/Packs/Keil/TM4C_DFP/1.1.0/Device/Include/TM4C123/TM4C123GH6PM.h(942): warning: anonymous unions are a C11 extension [-Wc11-extensions]
  union {
  ^
C:/Users/Hana Ashraf/AppData/Local/Arm/Packs/Keil/TM4C_DFP/1.1.0/Device/Include/TM4C123/TM4C123GH6PM.h(949): warning: anonymous unions are a C11 extension [-Wc11-extensions]
  union {
  ^
C:/Users/Hana Ashraf/AppData/Local/Arm/Packs/Keil/TM4C_DFP/1.1.0/Device/Include/TM4C123/TM4C123GH6PM.h(956): warning: anonymous unions are a C11 extension [-Wc11-extensions]
  union {
  ^
C:/Users/Hana Ashraf/AppData/Local/Arm/Packs/Keil/TM4C_DFP/1.1.0/Device/Include/TM4C123/TM4C123GH6PM.h(961): warning: anonymous unions are a C11 extension [-Wc11-extensions]
  union {
  ^
C:/Users/Hana Ashraf/AppData/Local/Arm/Packs/Keil/TM4C_DFP/1.1.0/Device/Include/TM4C123/TM4C123GH6PM.h(968): warning: anonymous unions are a C11 extension [-Wc11-extensions]
  union {
  ^
C:/Users/Hana Ashraf/AppData/Local/Arm/Packs/Keil/TM4C_DFP/1.1.0/Device/Include/TM4C123/TM4C123GH6PM.h(974): warning: anonymous unions are a C11 extension [-Wc11-extensions]
  union {
  ^
C:/Users/Hana Ashraf/AppData/Local/Arm/Packs/Keil/TM4C_DFP/1.1.0/Device/Include/TM4C123/TM4C123GH6PM.h(981): warning: anonymous unions are a C11 extension [-Wc11-extensions]
  union {
  ^
C:/Users/Hana Ashraf/AppData/Local/Arm/Packs/Keil/TM4C_DFP/1.1.0/Device/Include/TM4C123/TM4C123GH6PM.h(988): warning: anonymous unions are a C11 extension [-Wc11-extensions]
  union {
  ^
C:/Users/Hana Ashraf/AppData/Local/Arm/Packs/Keil/TM4C_DFP/1.1.0/Device/Include/TM4C123/TM4C123GH6PM.h(993): warning: anonymous unions are a C11 extension [-Wc11-extensions]
  union {
  ^
C:/Users/Hana Ashraf/AppData/Local/Arm/Packs/Keil/TM4C_DFP/1.1.0/Device/Include/TM4C123/TM4C123GH6PM.h(1000): warning: anonymous unions are a C11 extension [-Wc11-extensions]
  union {
  ^
C:/Users/Hana Ashraf/AppData/Local/Arm/Packs/Keil/TM4C_DFP/1.1.0/Device/Include/TM4C123/TM4C123GH6PM.h(1006): warning: anonymous unions are a C11 extension [-Wc11-extensions]
  union {
  ^
C:/Users/Hana Ashraf/AppData/Local/Arm/Packs/Keil/TM4C_DFP/1.1.0/Device/Include/TM4C123/TM4C123GH6PM.h(1013): warning: anonymous unions are a C11 extension [-Wc11-extensions]
  union {
  ^
C:/Users/Hana Ashraf/AppData/Local/Arm/Packs/Keil/TM4C_DFP/1.1.0/Device/Include/TM4C123/TM4C123GH6PM.h(1020): warning: anonymous unions are a C11 extension [-Wc11-extensions]
  union {
  ^
C:/Users/Hana Ashraf/AppData/Local/Arm/Packs/Keil/TM4C_DFP/1.1.0/Device/Include/TM4C123/TM4C123GH6PM.h(1025): warning: anonymous unions are a C11 extension [-Wc11-extensions]
  union {
  ^
C:/Users/Hana Ashraf/AppData/Local/Arm/Packs/Keil/TM4C_DFP/1.1.0/Device/Include/TM4C123/TM4C123GH6PM.h(1032): warning: anonymous unions are a C11 extension [-Wc11-extensions]
  union {
  ^
C:/Users/Hana Ashraf/AppData/Local/Arm/Packs/Keil/TM4C_DFP/1.1.0/Device/Include/TM4C123/TM4C123GH6PM.h(1038): warning: anonymous unions are a C11 extension [-Wc11-extensions]
  union {
  ^
C:/Users/Hana Ashraf/AppData/Local/Arm/Packs/Keil/TM4C_DFP/1.1.0/Device/Include/TM4C123/TM4C123GH6PM.h(1045): warning: anonymous unions are a C11 extension [-Wc11-extensions]
  union {
  ^
C:/Users/Hana Ashraf/AppData/Local/Arm/Packs/Keil/TM4C_DFP/1.1.0/Device/Include/TM4C123/TM4C123GH6PM.h(1052): warning: anonymous unions are a C11 extension [-Wc11-extensions]
  union {
  ^
C:/Users/Hana Ashraf/AppData/Local/Arm/Packs/Keil/TM4C_DFP/1.1.0/Device/Include/TM4C123/TM4C123GH6PM.h(1057): warning: anonymous unions are a C11 extension [-Wc11-extensions]
  union {
  ^
C:/Users/Hana Ashraf/AppData/Local/Arm/Packs/Keil/TM4C_DFP/1.1.0/Device/Include/TM4C123/TM4C123GH6PM.h(1064): warning: anonymous unions are a C11 extension [-Wc11-extensions]
  union {
  ^
C:/Users/Hana Ashraf/AppData/Local/Arm/Packs/Keil/TM4C_DFP/1.1.0/Device/Include/TM4C123/TM4C123GH6PM.h(1070): warning: anonymous unions are a C11 extension [-Wc11-extensions]
  union {
  ^
C:/Users/Hana Ashraf/AppData/Local/Arm/Packs/Keil/TM4C_DFP/1.1.0/Device/Include/TM4C123/TM4C123GH6PM.h(1077): warning: anonymous unions are a C11 extension [-Wc11-extensions]
  union {
  ^
C:/Users/Hana Ashraf/AppData/Local/Arm/Packs/Keil/TM4C_DFP/1.1.0/Device/Include/TM4C123/TM4C123GH6PM.h(1084): warning: anonymous unions are a C11 extension [-Wc11-extensions]
  union {
  ^
C:/Users/Hana Ashraf/AppData/Local/Arm/Packs/Keil/TM4C_DFP/1.1.0/Device/Include/TM4C123/TM4C123GH6PM.h(1089): warning: anonymous unions are a C11 extension [-Wc11-extensions]
  union {
  ^
C:/Users/Hana Ashraf/AppData/Local/Arm/Packs/Keil/TM4C_DFP/1.1.0/Device/Include/TM4C123/TM4C123GH6PM.h(1096): warning: anonymous unions are a C11 extension [-Wc11-extensions]
  union {
  ^
C:/Users/Hana Ashraf/AppData/Local/Arm/Packs/Keil/TM4C_DFP/1.1.0/Device/Include/TM4C123/TM4C123GH6PM.h(1102): warning: anonymous unions are a C11 extension [-Wc11-extensions]
  union {
  ^
C:/Users/Hana Ashraf/AppData/Local/Arm/Packs/Keil/TM4C_DFP/1.1.0/Device/Include/TM4C123/TM4C123GH6PM.h(1251): warning: anonymous unions are a C11 extension [-Wc11-extensions]
  union {
  ^
systick.c(34): warning: implicit conversion changes signedness: 'int' to 'unsigned int' [-Wsign-conversion]
  CLEAR_BIT((SysTick ->CTRL),0U);
  ^~~~~~~~~~~~~~~~~~~~~~~~~~~~~~
./common_macros.h(5): note: expanded from macro 'CLEAR_BIT'
#define CLEAR_BIT(REG,BIT)      (REG &=(~(1<<BIT)))
                                     ~~ ^~~~~~~~~
systick.c(46): warning: no newline at end of file [-Wnewline-eof]
}
 ^
46 warnings generated.
compiling systick.c...
gpio.c(1): warning: In file included from...
./gpio.h(88): warning: no newline at end of file [-Wnewline-eof]
#endif
      ^
gpio.c(3): warning: In file included from...
C:/Users/Hana Ashraf/AppData/Local/Arm/Packs/Keil/TM4C_DFP/1.1.0/Device/Include/TM4C123\TM4C123.h(98): warning: In file included from...
C:/Users/Hana Ashraf/AppData/Local/Arm/Packs/Keil/TM4C_DFP/1.1.0/Device/Include/TM4C123/TM4C123GH6PM.h(298): warning: anonymous unions are a C11 extension [-Wc11-extensions]
  union {
  ^
C:/Users/Hana Ashraf/AppData/Local/Arm/Packs/Keil/TM4C_DFP/1.1.0/Device/Include/TM4C123/TM4C123GH6PM.h(338): warning: anonymous unions are a C11 extension [-Wc11-extensions]
  union {
  ^
C:/Users/Hana Ashraf/AppData/Local/Arm/Packs/Keil/TM4C_DFP/1.1.0/Device/Include/TM4C123/TM4C123GH6PM.h(357): warning: anonymous unions are a C11 extension [-Wc11-extensions]
  union {
  ^
C:/Users/Hana Ashraf/AppData/Local/Arm/Packs/Keil/TM4C_DFP/1.1.0/Device/Include/TM4C123/TM4C123GH6PM.h(713): warning: anonymous unions are a C11 extension [-Wc11-extensions]
  union {
  ^
C:/Users/Hana Ashraf/AppData/Local/Arm/Packs/Keil/TM4C_DFP/1.1.0/Device/Include/TM4C123/TM4C123GH6PM.h(729): warning: anonymous unions are a C11 extension [-Wc11-extensions]
  union {
  ^
C:/Users/Hana Ashraf/AppData/Local/Arm/Packs/Keil/TM4C_DFP/1.1.0/Device/Include/TM4C123/TM4C123GH6PM.h(774): warning: anonymous unions are a C11 extension [-Wc11-extensions]
  union {
  ^
C:/Users/Hana Ashraf/AppData/Local/Arm/Packs/Keil/TM4C_DFP/1.1.0/Device/Include/TM4C123/TM4C123GH6PM.h(779): warning: anonymous unions are a C11 extension [-Wc11-extensions]
  union {
  ^
C:/Users/Hana Ashraf/AppData/Local/Arm/Packs/Keil/TM4C_DFP/1.1.0/Device/Include/TM4C123/TM4C123GH6PM.h(872): warning: anonymous unions are a C11 extension [-Wc11-extensions]
  union {
  ^
C:/Users/Hana Ashraf/AppData/Local/Arm/Packs/Keil/TM4C_DFP/1.1.0/Device/Include/TM4C123/TM4C123GH6PM.h(885): warning: anonymous unions are a C11 extension [-Wc11-extensions]
  union {
  ^
C:/Users/Hana Ashraf/AppData/Local/Arm/Packs/Keil/TM4C_DFP/1.1.0/Device/Include/TM4C123/TM4C123GH6PM.h(892): warning: anonymous unions are a C11 extension [-Wc11-extensions]
  union {
  ^
C:/Users/Hana Ashraf/AppData/Local/Arm/Packs/Keil/TM4C_DFP/1.1.0/Device/Include/TM4C123/TM4C123GH6PM.h(897): warning: anonymous unions are a C11 extension [-Wc11-extensions]
  union {
  ^
C:/Users/Hana Ashraf/AppData/Local/Arm/Packs/Keil/TM4C_DFP/1.1.0/Device/Include/TM4C123/TM4C123GH6PM.h(904): warning: anonymous unions are a C11 extension [-Wc11-extensions]
  union {
  ^
C:/Users/Hana Ashraf/AppData/Local/Arm/Packs/Keil/TM4C_DFP/1.1.0/Device/Include/TM4C123/TM4C123GH6PM.h(910): warning: anonymous unions are a C11 extension [-Wc11-extensions]
  union {
  ^
C:/Users/Hana Ashraf/AppData/Local/Arm/Packs/Keil/TM4C_DFP/1.1.0/Device/Include/TM4C123/TM4C123GH6PM.h(917): warning: anonymous unions are a C11 extension [-Wc11-extensions]
  union {
  ^
C:/Users/Hana Ashraf/AppData/Local/Arm/Packs/Keil/TM4C_DFP/1.1.0/Device/Include/TM4C123/TM4C123GH6PM.h(924): warning: anonymous unions are a C11 extension [-Wc11-extensions]
  union {
  ^
C:/Users/Hana Ashraf/AppData/Local/Arm/Packs/Keil/TM4C_DFP/1.1.0/Device/Include/TM4C123/TM4C123GH6PM.h(929): warning: anonymous unions are a C11 extension [-Wc11-extensions]
  union {
  ^
C:/Users/Hana Ashraf/AppData/Local/Arm/Packs/Keil/TM4C_DFP/1.1.0/Device/Include/TM4C123/TM4C123GH6PM.h(936): warning: anonymous unions are a C11 extension [-Wc11-extensions]
  union {
  ^
C:/Users/Hana Ashraf/AppData/Local/Arm/Packs/Keil/TM4C_DFP/1.1.0/Device/Include/TM4C123/TM4C123GH6PM.h(942): warning: anonymous unions are a C11 extension [-Wc11-extensions]
  union {
  ^
C:/Users/Hana Ashraf/AppData/Local/Arm/Packs/Keil/TM4C_DFP/1.1.0/Device/Include/TM4C123/TM4C123GH6PM.h(949): warning: anonymous unions are a C11 extension [-Wc11-extensions]
  union {
  ^
C:/Users/Hana Ashraf/AppData/Local/Arm/Packs/Keil/TM4C_DFP/1.1.0/Device/Include/TM4C123/TM4C123GH6PM.h(956): warning: anonymous unions are a C11 extension [-Wc11-extensions]
  union {
  ^
C:/Users/Hana Ashraf/AppData/Local/Arm/Packs/Keil/TM4C_DFP/1.1.0/Device/Include/TM4C123/TM4C123GH6PM.h(961): warning: anonymous unions are a C11 extension [-Wc11-extensions]
  union {
  ^
C:/Users/Hana Ashraf/AppData/Local/Arm/Packs/Keil/TM4C_DFP/1.1.0/Device/Include/TM4C123/TM4C123GH6PM.h(968): warning: anonymous unions are a C11 extension [-Wc11-extensions]
  union {
  ^
C:/Users/Hana Ashraf/AppData/Local/Arm/Packs/Keil/TM4C_DFP/1.1.0/Device/Include/TM4C123/TM4C123GH6PM.h(974): warning: anonymous unions are a C11 extension [-Wc11-extensions]
  union {
  ^
C:/Users/Hana Ashraf/AppData/Local/Arm/Packs/Keil/TM4C_DFP/1.1.0/Device/Include/TM4C123/TM4C123GH6PM.h(981): warning: anonymous unions are a C11 extension [-Wc11-extensions]
  union {
  ^
C:/Users/Hana Ashraf/AppData/Local/Arm/Packs/Keil/TM4C_DFP/1.1.0/Device/Include/TM4C123/TM4C123GH6PM.h(988): warning: anonymous unions are a C11 extension [-Wc11-extensions]
  union {
  ^
C:/Users/Hana Ashraf/AppData/Local/Arm/Packs/Keil/TM4C_DFP/1.1.0/Device/Include/TM4C123/TM4C123GH6PM.h(993): warning: anonymous unions are a C11 extension [-Wc11-extensions]
  union {
  ^
C:/Users/Hana Ashraf/AppData/Local/Arm/Packs/Keil/TM4C_DFP/1.1.0/Device/Include/TM4C123/TM4C123GH6PM.h(1000): warning: anonymous unions are a C11 extension [-Wc11-extensions]
  union {
  ^
C:/Users/Hana Ashraf/AppData/Local/Arm/Packs/Keil/TM4C_DFP/1.1.0/Device/Include/TM4C123/TM4C123GH6PM.h(1006): warning: anonymous unions are a C11 extension [-Wc11-extensions]
  union {
  ^
C:/Users/Hana Ashraf/AppData/Local/Arm/Packs/Keil/TM4C_DFP/1.1.0/Device/Include/TM4C123/TM4C123GH6PM.h(1013): warning: anonymous unions are a C11 extension [-Wc11-extensions]
  union {
  ^
C:/Users/Hana Ashraf/AppData/Local/Arm/Packs/Keil/TM4C_DFP/1.1.0/Device/Include/TM4C123/TM4C123GH6PM.h(1020): warning: anonymous unions are a C11 extension [-Wc11-extensions]
  union {
  ^
C:/Users/Hana Ashraf/AppData/Local/Arm/Packs/Keil/TM4C_DFP/1.1.0/Device/Include/TM4C123/TM4C123GH6PM.h(1025): warning: anonymous unions are a C11 extension [-Wc11-extensions]
  union {
  ^
C:/Users/Hana Ashraf/AppData/Local/Arm/Packs/Keil/TM4C_DFP/1.1.0/Device/Include/TM4C123/TM4C123GH6PM.h(1032): warning: anonymous unions are a C11 extension [-Wc11-extensions]
  union {
  ^
C:/Users/Hana Ashraf/AppData/Local/Arm/Packs/Keil/TM4C_DFP/1.1.0/Device/Include/TM4C123/TM4C123GH6PM.h(1038): warning: anonymous unions are a C11 extension [-Wc11-extensions]
  union {
  ^
C:/Users/Hana Ashraf/AppData/Local/Arm/Packs/Keil/TM4C_DFP/1.1.0/Device/Include/TM4C123/TM4C123GH6PM.h(1045): warning: anonymous unions are a C11 extension [-Wc11-extensions]
  union {
  ^
C:/Users/Hana Ashraf/AppData/Local/Arm/Packs/Keil/TM4C_DFP/1.1.0/Device/Include/TM4C123/TM4C123GH6PM.h(1052): warning: anonymous unions are a C11 extension [-Wc11-extensions]
  union {
  ^
C:/Users/Hana Ashraf/AppData/Local/Arm/Packs/Keil/TM4C_DFP/1.1.0/Device/Include/TM4C123/TM4C123GH6PM.h(1057): warning: anonymous unions are a C11 extension [-Wc11-extensions]
  union {
  ^
C:/Users/Hana Ashraf/AppData/Local/Arm/Packs/Keil/TM4C_DFP/1.1.0/Device/Include/TM4C123/TM4C123GH6PM.h(1064): warning: anonymous unions are a C11 extension [-Wc11-extensions]
  union {
  ^
C:/Users/Hana Ashraf/AppData/Local/Arm/Packs/Keil/TM4C_DFP/1.1.0/Device/Include/TM4C123/TM4C123GH6PM.h(1070): warning: anonymous unions are a C11 extension [-Wc11-extensions]
  union {
  ^
C:/Users/Hana Ashraf/AppData/Local/Arm/Packs/Keil/TM4C_DFP/1.1.0/Device/Include/TM4C123/TM4C123GH6PM.h(1077): warning: anonymous unions are a C11 extension [-Wc11-extensions]
  union {
  ^
C:/Users/Hana Ashraf/AppData/Local/Arm/Packs/Keil/TM4C_DFP/1.1.0/Device/Include/TM4C123/TM4C123GH6PM.h(1084): warning: anonymous unions are a C11 extension [-Wc11-extensions]
  union {
  ^
C:/Users/Hana Ashraf/AppData/Local/Arm/Packs/Keil/TM4C_DFP/1.1.0/Device/Include/TM4C123/TM4C123GH6PM.h(1089): warning: anonymous unions are a C11 extension [-Wc11-extensions]
  union {
  ^
C:/Users/Hana Ashraf/AppData/Local/Arm/Packs/Keil/TM4C_DFP/1.1.0/Device/Include/TM4C123/TM4C123GH6PM.h(1096): warning: anonymous unions are a C11 extension [-Wc11-extensions]
  union {
  ^
C:/Users/Hana Ashraf/AppData/Local/Arm/Packs/Keil/TM4C_DFP/1.1.0/Device/Include/TM4C123/TM4C123GH6PM.h(1102): warning: anonymous unions are a C11 extension [-Wc11-extensions]
  union {
  ^
C:/Users/Hana Ashraf/AppData/Local/Arm/Packs/Keil/TM4C_DFP/1.1.0/Device/Include/TM4C123/TM4C123GH6PM.h(1251): warning: anonymous unions are a C11 extension [-Wc11-extensions]
  union {
  ^
gpio.c(27): warning: enumeration value 'PIN_PULLDOWN_RESISTOR' not handled in switch [-Wswitch]
                        switch(resistor)
                               ^
gpio.c(75): warning: enumeration value 'PIN_PULLDOWN_RESISTOR' not handled in switch [-Wswitch]
                         switch(resistor)
                                ^
gpio.c(97): warning: enumeration value 'PIN_PULLDOWN_RESISTOR' not handled in switch [-Wswitch]
       switch(resistor)
              ^
gpio.c(119): warning: enumeration value 'PIN_PULLDOWN_RESISTOR' not handled in switch [-Wswitch]
                         switch(resistor)
                                ^
gpio.c(532): warning: no newline at end of file [-Wnewline-eof]
}
 ^
50 warnings generated.
compiling gpio.c...
linking...
Program Size: Code=1560 RO-data=636 RW-data=0 ZI-data=608  
".\Objects\Microwave.axf" - 0 Error(s), 238 Warning(s).

<h2>Software Packages used:</h2>

Package Vendor: ARM
                http://www.keil.com/pack/ARM.CMSIS.5.8.0.pack
                ARM.CMSIS.5.8.0
                CMSIS (Common Microcontroller Software Interface Standard)
   * Component: CORE Version: 5.5.0

Package Vendor: Keil
                http://www.keil.com/pack/Keil.TM4C_DFP.1.1.0.pack
                Keil.TM4C_DFP.1.1.0
                Texas Instruments Tiva C Series Device Support and Examples
   * Component: Startup Version: 1.0.1

<h2>Collection of Component include folders:</h2>
  .\RTE\_Target_1
  C:\Users\Hana Ashraf\AppData\Local\Arm\Packs\ARM\CMSIS\5.8.0\CMSIS\Core\Include
  C:\Users\Hana Ashraf\AppData\Local\Arm\Packs\Keil\TM4C_DFP\1.1.0\Device\Include\TM4C123

<h2>Collection of Component Files used:</h2>

   * Component: ARM::CMSIS:CORE:5.5.0

   * Component: Keil::Device:Startup:1.0.1
      Source file:   Device\Source\system_TM4C123.c
      Include file:  Device\Include\TM4C123\TM4C123.h
      Source file:   Device\Source\ARM\startup_TM4C123.s
Build Time Elapsed:  00:00:04
</pre>
</body>
</html>
